[collect-signals] checking Vercel CLI version…
[collect-signals] vercel CLI v54.18.2 OK
[collect-signals] checking auth…
[collect-signals] auth OK
[collect-signals] resolving project id…
[collect-signals] project link resolved (source=project.json; teamScope=yes)
[collect-signals] checking framework support…
[collect-signals] framework=next@16.2.9 support=supported
[collect-signals] resolving Vercel CLI command scope…
[collect-signals] command scope resolved (source=whoami-current-team; scoped=yes)
[collect-signals] validating linked project belongs to the resolved scope…
[collect-signals] project scope verified (source=project-api-owner)
[collect-signals] checking Observability Plus configuration…
[collect-signals] observabilityPlusPreflight=no_oplus_probe (observability-configuration-api)
[collect-signals] observabilityPlus=false
[collect-signals] skipping metric queries (Observability Plus preflight did not confirm access)
[collect-signals] continuing after Observability Plus blocker because --continue-without-observability was set
[collect-signals] pulling account plan + contract + usage in parallel…
[collect-signals] usage: unavailable (USAGE_UNAVAILABLE) — degrading to scanner+metrics-only mode
[collect-signals] plan=hobby (team.billing.plan=hobby)
[collect-signals] stack: next@16.2.9 app-router
[collect-signals] ⚠ Observability Plus is NOT usable on this project: blocker=no_oplus_probe (Route-level metrics are unavailable because Observability Plus is not enabled for this team.)
[collect-signals]    The orchestrator should PAUSE and follow the blocker-specific remediation before proceeding.
[collect-signals] done
